// Jest Snapshot v1, https://goo.gl/fbAQLP

exports[`logical compiles 1`] = `
"export const foo = a || b || c;
export const bar = a && b && c;
export const spam = !a;"
`;
