// Jest Snapshot v1, https://goo.gl/fbAQLP

exports[`compiles regex 1`] = `
"const regex1 = /(?<year>\\\\d{4})-(?<month>\\\\d{2})-(?<day>\\\\d{2})/gm;
const regex2 = /(?<year>\\\\d{4})-(?<month>\\\\d{2})-(?<day>\\\\d{2})/;
const regex3 = /.+\\\\/.+/;
Object.assign(module.exports, {
  regex1,
  regex2,
  regex3
});"
`;
