// Jest Snapshot v1, https://goo.gl/fbAQLP

exports[`assignment compiles 1`] = `
"export const assign = 1;
// simple
export const assign2 = assign;
export const no_clash_with_await = 13;
export const assign_lang_const1 = true;
export const assign_lang_const2 = false;
export const multi_line_assign = 123 + 234 + (-567 - 1111);"
`;

exports[`unpacking lists compiles first, some, last 1`] = `
"let _do_result;

{
  const [...ˆitems_1] = \`123\`;
  _do_result = [ˆitems_1, ˆitems_1.slice(2, -2), ˆitems_1.slice(-2)];
}
// enhanced destructuring
const [[foo, bar], spam, [ni, shrub]] = _do_result;
_do_result = undefined;

let _do_result2;

{
  const [...ˆitems_2] = \`123\`;
  _do_result2 = [ˆitems_2, ˆitems_2.slice(2, -2), ˆitems_2.slice(-2)];
}
const [[a,,],, [b, c]] = _do_result2;
_do_result2 = undefined;"
`;

exports[`unpacking lists compiles leading, last 1`] = `
"let _do_result;

{
  const [...ˆitems_1] = \`1234\`;
  _do_result = [ˆitems_1.slice(0, -1), ˆitems_1.slice(-1)];
}
const [leading, [last]] = _do_result;
_do_result = undefined;"
`;
