// Jest Snapshot v1, https://goo.gl/fbAQLP

exports[`calculated props 1`] = `
"const foo = {
  \\"foo\\": foo,
  [Symbol(\`foo\`)]: 123,
  [\`spam\`]: 456,
  \\"ni\\": ni
};
Object.assign(module.exports, {
  foo
});"
`;

exports[`destructuring object 1`] = `
"const {
  \\"a\\": a,
  \\"b\\": b,
  \\"c\\": c
} = ni;
const {
  \\"e\\": e,
  ...f
} = {
  \\"e\\": 0,
  \\"foo\\": 12,
  \\"bar\\": 34
};
const {
  \\"x\\": x = 1,
  \\"ni\\": {
    \\"y\\": y,
    \\"z\\": z
  }
} = {
  \\"ni\\": {
    \\"y\\": 1,
    \\"z\\": 2
  }
};
const {
  [\`n i\`]: ni
} = foo;
Object.assign(module.exports, {});"
`;

exports[`object 1`] = `
"const obj1 = {};
const obj2 = {
  \\"a\\": a
};
const obj3 = {
  \\"a\\": a,
  \\"delete\\": Ë†delete,
  \\"true\\": true,
  \\"false\\": false
};
const obj4 = {
  \\"a\\": a,
  \\"b\\": b,
  ...c
};
const obj5 = {
  \\"a\\": 1,
  \\"b\\": 123,
  [\`c-d-e\`]: cde
};
const obj6 = {
  \\"a\\": a = 123,
  \\"b\\": c = 456
};
const obj7 = {
  \\"a\\": 123,
  \\"b\\": 123 && 123 && 1345,
  \\"c\\": (a, b) => 134
};
const obj8 = {
  \\"a\\": 123,
  \\"b\\": 123 && 123 && 1345,
  \\"c\\": (a, b) => 134,
  \\"d\\": (() => {
    const n = a + 3;
    return foo(n);
  })()
};
({
  \\"a\\": a,
  \\"b\\": b,
  \\"c\\": c
});
Object.assign(module.exports, {
  obj1,
  obj2,
  obj3,
  obj4,
  obj5,
  obj6,
  obj7,
  obj8
});"
`;
