// Jest Snapshot v1, https://goo.gl/fbAQLP

exports[`string compiles escape chars 1`] = `
"const str_0 = \`foo\\\\\`bar\\\\nspam\\\\\`ni\`;
const str_1 = \`foo\\\\\\\\\`;
export const str1 = str_0,
      str2 = str_1;"
`;

exports[`string compiles multiline 1`] = `
"const str_1 = \`line 1
line 2 with leading space
line 3\`;
export const str = str_1;"
`;

exports[`string compiles multiline with expressions 1`] = `
"const str_0 = \`bar
spam \${shrub + ni}\${foo}
ni
\`;
export const str = str_0;"
`;

exports[`string compiles simple 1`] = `
"const str_1 = \`ab\`;
export const str = str_1;"
`;

exports[`string compiles tagged template string 1`] = `
"const str_0 = foo\`bar \${ni(spam, shrub)} na\`;
export const str = str_0;"
`;
