// Jest Snapshot v1, https://goo.gl/fbAQLP

exports[`while 1`] = `
"(function* filter_while(ˆitems_2) {
  for (const ˆitem_1 of ˆitems_2) {
    const item = ˆitem_1;
    const ˆresult_3 = item < 10;
    if (ˆresult_3 !== true) return;
    yield ˆitem_1;
  }
});

Object.assign(module.exports, {});"
`;
