// Jest Snapshot v1, https://goo.gl/fbAQLP

exports[`new compiles 1`] = `
"const foo = new Set();
const bar = new Set(\`abca\`);
Object.assign(module.exports, {
  foo,
  bar
});"
`;
