// Jest Snapshot v1, https://goo.gl/fbAQLP

exports[`compiles logical 1`] = `
"const logical = a || b || c && d < 1 <= s;
Object.assign(module.exports, {
  logical
});"
`;
