// Jest Snapshot v1, https://goo.gl/fbAQLP

exports[`module handles comments 1`] = `
"#!/usr/bin/env node
// leading comment
// expr comment
export const foo = 1234;
// trailing comment"
`;

exports[`module handles exports 1`] = `
"export const Ë†delete = () => true;
export const Ë†6q9 = () => true;"
`;
