// Jest Snapshot v1, https://goo.gl/fbAQLP

exports[`compiles logical 1`] = `
"{
  ˆmatch_2: {
    const ˆvalue_1 = shrub;

    if (ˆvalue_1 !== undefined && ˆvalue_1 !== null) {
      const {
        \\"foo\\": ˆp_3,
        \\"ni\\": ˆp_4
      } = ˆvalue_1;

      if (ˆp_3 === 4 && ˆp_4 === ni) {
        spam + ni;
        break ˆmatch_2;
      }
    }

    if (ˆvalue_1 === 123) {
      spam;
      break ˆmatch_2;
    }

    if (ˆvalue_1 !== undefined && ˆvalue_1 !== null && typeof ˆvalue_1[Symbol.iterator] === \\"function\\") {
      const [ˆa_5, ˆa_6, ˆa_7] = ˆvalue_1;

      if (ˆa_5 === 1 && ˆa_6 === 2 && ˆa_7 === ni) {
        ni;
        break ˆmatch_2;
      }
    }

    {
      shrub;
      break ˆmatch_2;
    }
  }
}
{
  ˆmatch_9: {
    const ˆvalue_8 = shrub;

    if (ˆvalue_8 !== undefined && ˆvalue_8 !== null) {
      const {
        \\"foo\\": ˆp_10,
        \\"ni\\": ˆp_11
      } = ˆvalue_8;

      if (ˆp_10 === 4 && ˆp_11 === ni) {
        spam + ni;
        break ˆmatch_9;
      }
    }

    if (ˆvalue_8 === 123) {
      spam;
      break ˆmatch_9;
    }
  }
}
{
  ˆmatch_13: {
    const ˆvalue_12 = shrub;

    if (ˆvalue_12 !== undefined && ˆvalue_12 !== null) {
      const {
        \\"foo\\": ˆp_14,
        \\"ni\\": ˆp_15
      } = ˆvalue_12;

      if (ˆp_14 === 4) {
        if (ˆp_15 !== undefined && ˆp_15 !== null) {
          const {
            \\"na\\": ˆp_16,
            \\"nu\\": ˆp_17
          } = ˆp_15;

          if (ˆp_16 === na && ˆp_17 === nu) {
            spam + ni;
            break ˆmatch_13;
          }
        }
      }
    }

    if (ˆvalue_12 !== undefined && ˆvalue_12 !== null && typeof ˆvalue_12[Symbol.iterator] === \\"function\\") {
      const [ˆa_18, ˆa_19, ˆa_20] = ˆvalue_12;

      if (ˆa_18 === 1 && ˆa_19 === 2) {
        if (ˆa_20 !== undefined && ˆa_20 !== null && typeof ˆa_20[Symbol.iterator] === \\"function\\") {
          const [ˆa_21] = ˆa_20;

          if (ˆa_21 === ni) {
            ni;
            break ˆmatch_13;
          }
        }
      }
    }

    if (ˆvalue_12 === 123) {
      spam;
      break ˆmatch_13;
    }
  }
}
Object.assign(module.exports, {});"
`;
